Archive member included because of file (symbol)

e:/cmp2024/iti embeded sysytem/tools/01- imt sdk-20220809t141023z-001/01- imt sdk/imt_sdk_win_64/winavr/bin/../lib/gcc/avr/4.3.3/avr5\libgcc.a(_mulsi3.o)
                              ./src/LCD.o (__mulsi3)
e:/cmp2024/iti embeded sysytem/tools/01- imt sdk-20220809t141023z-001/01- imt sdk/imt_sdk_win_64/winavr/bin/../lib/gcc/avr/4.3.3/avr5\libgcc.a(_udivmodqi4.o)
                              ./src/Calculator.o (__udivmodqi4)
e:/cmp2024/iti embeded sysytem/tools/01- imt sdk-20220809t141023z-001/01- imt sdk/imt_sdk_win_64/winavr/bin/../lib/gcc/avr/4.3.3/avr5\libgcc.a(_udivmodhi4.o)
                              ./main.o (__udivmodhi4)
e:/cmp2024/iti embeded sysytem/tools/01- imt sdk-20220809t141023z-001/01- imt sdk/imt_sdk_win_64/winavr/bin/../lib/gcc/avr/4.3.3/avr5\libgcc.a(_udivmodsi4.o)
                              ./src/LCD.o (__udivmodsi4)
e:/cmp2024/iti embeded sysytem/tools/01- imt sdk-20220809t141023z-001/01- imt sdk/imt_sdk_win_64/winavr/bin/../lib/gcc/avr/4.3.3/avr5\libgcc.a(_divmodsi4.o)
                              ./src/LCD.o (__divmodsi4)
e:/cmp2024/iti embeded sysytem/tools/01- imt sdk-20220809t141023z-001/01- imt sdk/imt_sdk_win_64/winavr/bin/../lib/gcc/avr/4.3.3/avr5\libgcc.a(_exit.o)
                              e:/cmp2024/iti embeded sysytem/tools/01- imt sdk-20220809t141023z-001/01- imt sdk/imt_sdk_win_64/winavr/bin/../lib/gcc/avr/4.3.3/../../../../avr/lib/avr5/crtm32.o (exit)
e:/cmp2024/iti embeded sysytem/tools/01- imt sdk-20220809t141023z-001/01- imt sdk/imt_sdk_win_64/winavr/bin/../lib/gcc/avr/4.3.3/avr5\libgcc.a(_copy_data.o)
                              ./src/Calculator.o (__do_copy_data)
e:/cmp2024/iti embeded sysytem/tools/01- imt sdk-20220809t141023z-001/01- imt sdk/imt_sdk_win_64/winavr/bin/../lib/gcc/avr/4.3.3/avr5\libgcc.a(_clear_bss.o)
                              ./src/Adc.o (__do_clear_bss)
e:/cmp2024/iti embeded sysytem/tools/01- imt sdk-20220809t141023z-001/01- imt sdk/imt_sdk_win_64/winavr/bin/../lib/gcc/avr/4.3.3/avr5\libgcc.a(_fixunssfsi.o)
                              ./src/LCD.o (__fixunssfsi)
e:/cmp2024/iti embeded sysytem/tools/01- imt sdk-20220809t141023z-001/01- imt sdk/imt_sdk_win_64/winavr/bin/../lib/gcc/avr/4.3.3/avr5\libgcc.a(_addsub_sf.o)
                              e:/cmp2024/iti embeded sysytem/tools/01- imt sdk-20220809t141023z-001/01- imt sdk/imt_sdk_win_64/winavr/bin/../lib/gcc/avr/4.3.3/avr5\libgcc.a(_fixunssfsi.o) (__subsf3)
e:/cmp2024/iti embeded sysytem/tools/01- imt sdk-20220809t141023z-001/01- imt sdk/imt_sdk_win_64/winavr/bin/../lib/gcc/avr/4.3.3/avr5\libgcc.a(_mul_sf.o)
                              ./src/LCD.o (__mulsf3)
e:/cmp2024/iti embeded sysytem/tools/01- imt sdk-20220809t141023z-001/01- imt sdk/imt_sdk_win_64/winavr/bin/../lib/gcc/avr/4.3.3/avr5\libgcc.a(_gt_sf.o)
                              ./src/LCD.o (__gtsf2)
e:/cmp2024/iti embeded sysytem/tools/01- imt sdk-20220809t141023z-001/01- imt sdk/imt_sdk_win_64/winavr/bin/../lib/gcc/avr/4.3.3/avr5\libgcc.a(_ge_sf.o)
                              e:/cmp2024/iti embeded sysytem/tools/01- imt sdk-20220809t141023z-001/01- imt sdk/imt_sdk_win_64/winavr/bin/../lib/gcc/avr/4.3.3/avr5\libgcc.a(_fixunssfsi.o) (__gesf2)
e:/cmp2024/iti embeded sysytem/tools/01- imt sdk-20220809t141023z-001/01- imt sdk/imt_sdk_win_64/winavr/bin/../lib/gcc/avr/4.3.3/avr5\libgcc.a(_lt_sf.o)
                              ./src/LCD.o (__ltsf2)
e:/cmp2024/iti embeded sysytem/tools/01- imt sdk-20220809t141023z-001/01- imt sdk/imt_sdk_win_64/winavr/bin/../lib/gcc/avr/4.3.3/avr5\libgcc.a(_sf_to_si.o)
                              e:/cmp2024/iti embeded sysytem/tools/01- imt sdk-20220809t141023z-001/01- imt sdk/imt_sdk_win_64/winavr/bin/../lib/gcc/avr/4.3.3/avr5\libgcc.a(_fixunssfsi.o) (__fixsfsi)
e:/cmp2024/iti embeded sysytem/tools/01- imt sdk-20220809t141023z-001/01- imt sdk/imt_sdk_win_64/winavr/bin/../lib/gcc/avr/4.3.3/avr5\libgcc.a(_thenan_sf.o)
                              e:/cmp2024/iti embeded sysytem/tools/01- imt sdk-20220809t141023z-001/01- imt sdk/imt_sdk_win_64/winavr/bin/../lib/gcc/avr/4.3.3/avr5\libgcc.a(_addsub_sf.o) (__thenan_sf)
e:/cmp2024/iti embeded sysytem/tools/01- imt sdk-20220809t141023z-001/01- imt sdk/imt_sdk_win_64/winavr/bin/../lib/gcc/avr/4.3.3/avr5\libgcc.a(_usi_to_sf.o)
                              ./main.o (__floatunsisf)
e:/cmp2024/iti embeded sysytem/tools/01- imt sdk-20220809t141023z-001/01- imt sdk/imt_sdk_win_64/winavr/bin/../lib/gcc/avr/4.3.3/avr5\libgcc.a(_prologue.o)
                              e:/cmp2024/iti embeded sysytem/tools/01- imt sdk-20220809t141023z-001/01- imt sdk/imt_sdk_win_64/winavr/bin/../lib/gcc/avr/4.3.3/avr5\libgcc.a(_addsub_sf.o) (__prologue_saves__)
e:/cmp2024/iti embeded sysytem/tools/01- imt sdk-20220809t141023z-001/01- imt sdk/imt_sdk_win_64/winavr/bin/../lib/gcc/avr/4.3.3/avr5\libgcc.a(_epilogue.o)
                              e:/cmp2024/iti embeded sysytem/tools/01- imt sdk-20220809t141023z-001/01- imt sdk/imt_sdk_win_64/winavr/bin/../lib/gcc/avr/4.3.3/avr5\libgcc.a(_addsub_sf.o) (__epilogue_restores__)
e:/cmp2024/iti embeded sysytem/tools/01- imt sdk-20220809t141023z-001/01- imt sdk/imt_sdk_win_64/winavr/bin/../lib/gcc/avr/4.3.3/avr5\libgcc.a(_clzsi2.o)
                              e:/cmp2024/iti embeded sysytem/tools/01- imt sdk-20220809t141023z-001/01- imt sdk/imt_sdk_win_64/winavr/bin/../lib/gcc/avr/4.3.3/avr5\libgcc.a(_usi_to_sf.o) (__clzsi2)
e:/cmp2024/iti embeded sysytem/tools/01- imt sdk-20220809t141023z-001/01- imt sdk/imt_sdk_win_64/winavr/bin/../lib/gcc/avr/4.3.3/avr5\libgcc.a(_pack_sf.o)
                              e:/cmp2024/iti embeded sysytem/tools/01- imt sdk-20220809t141023z-001/01- imt sdk/imt_sdk_win_64/winavr/bin/../lib/gcc/avr/4.3.3/avr5\libgcc.a(_addsub_sf.o) (__pack_f)
e:/cmp2024/iti embeded sysytem/tools/01- imt sdk-20220809t141023z-001/01- imt sdk/imt_sdk_win_64/winavr/bin/../lib/gcc/avr/4.3.3/avr5\libgcc.a(_unpack_sf.o)
                              e:/cmp2024/iti embeded sysytem/tools/01- imt sdk-20220809t141023z-001/01- imt sdk/imt_sdk_win_64/winavr/bin/../lib/gcc/avr/4.3.3/avr5\libgcc.a(_addsub_sf.o) (__unpack_f)
e:/cmp2024/iti embeded sysytem/tools/01- imt sdk-20220809t141023z-001/01- imt sdk/imt_sdk_win_64/winavr/bin/../lib/gcc/avr/4.3.3/avr5\libgcc.a(_fpcmp_parts_sf.o)
                              e:/cmp2024/iti embeded sysytem/tools/01- imt sdk-20220809t141023z-001/01- imt sdk/imt_sdk_win_64/winavr/bin/../lib/gcc/avr/4.3.3/avr5\libgcc.a(_gt_sf.o) (__fpcmp_parts_f)
e:/cmp2024/iti embeded sysytem/tools/01- imt sdk-20220809t141023z-001/01- imt sdk/imt_sdk_win_64/winavr/bin/../lib/gcc/avr/4.3.3/avr5\libgcc.a(_clz.o)
                              e:/cmp2024/iti embeded sysytem/tools/01- imt sdk-20220809t141023z-001/01- imt sdk/imt_sdk_win_64/winavr/bin/../lib/gcc/avr/4.3.3/avr5\libgcc.a(_clzsi2.o) (__clz_tab)

Allocating common symbols
Common symbol       size              file

ExtInterrupt_INT1Callback
                    0x2               ./src/ExtInterrupt.o
Gpt_Timer0_Callback_Ctc
                    0x2               ./src/Gpt.o
ExtInterrupt_INT0Callback
                    0x2               ./src/ExtInterrupt.o
Gpt_Timer2_Callback_Ctc
                    0x2               ./src/Gpt.o
Gpt_Timer1B_Callback_Ctc
                    0x2               ./src/Gpt.o
Gpt_Timer2_Callback_Normal
                    0x2               ./src/Gpt.o
Adc_Callback        0x2               ./src/Adc.o
Gpt_Timer1A_Callback_Ctc
                    0x2               ./src/Gpt.o
Gpt_Timer0_Callback_Normal
                    0x2               ./src/Gpt.o
ExtInterrupt_INT2Callback
                    0x2               ./src/ExtInterrupt.o
Gpt_Timer1_Callback_Normal
                    0x2               ./src/Gpt.o

Memory Configuration

Name             Origin             Length             Attributes
text             0x00000000         0x00020000         xr
data             0x00800060         0x0000ffa0         rw !x
eeprom           0x00810000         0x00010000         rw !x
fuse             0x00820000         0x00000400         rw !x
lock             0x00830000         0x00000400         rw !x
signature        0x00840000         0x00000400         rw !x
*default*        0x00000000         0xffffffff

Linker script and memory map

LOAD e:/cmp2024/iti embeded sysytem/tools/01- imt sdk-20220809t141023z-001/01- imt sdk/imt_sdk_win_64/winavr/bin/../lib/gcc/avr/4.3.3/../../../../avr/lib/avr5/crtm32.o
LOAD ./src/Adc.o
LOAD ./src/Calculator.o
LOAD ./src/DIO.o
LOAD ./src/EEPROM.o
LOAD ./src/ExtInterrupt.o
LOAD ./src/GlobalInterrupt.o
LOAD ./src/Gpt.o
LOAD ./src/I2C.o
LOAD ./src/Keypad.o
LOAD ./src/LCD.o
LOAD ./src/SPI.o
LOAD ./src/SSD.o
LOAD ./src/UART.o
LOAD ./src/WDT.o
LOAD ./main.o
LOAD e:/cmp2024/iti embeded sysytem/tools/01- imt sdk-20220809t141023z-001/01- imt sdk/imt_sdk_win_64/winavr/bin/../lib/gcc/avr/4.3.3/avr5\libgcc.a
LOAD e:/cmp2024/iti embeded sysytem/tools/01- imt sdk-20220809t141023z-001/01- imt sdk/imt_sdk_win_64/winavr/bin/../lib/gcc/avr/4.3.3/../../../../avr/lib/avr5\libc.a
LOAD e:/cmp2024/iti embeded sysytem/tools/01- imt sdk-20220809t141023z-001/01- imt sdk/imt_sdk_win_64/winavr/bin/../lib/gcc/avr/4.3.3/avr5\libgcc.a

.hash
 *(.hash)

.dynsym
 *(.dynsym)

.dynstr
 *(.dynstr)

.gnu.version
 *(.gnu.version)

.gnu.version_d
 *(.gnu.version_d)

.gnu.version_r
 *(.gnu.version_r)

.rel.init
 *(.rel.init)

.rela.init
 *(.rela.init)

.rel.text
 *(.rel.text)
 *(.rel.text.*)
 *(.rel.gnu.linkonce.t*)

.rela.text
 *(.rela.text)
 *(.rela.text.*)
 *(.rela.gnu.linkonce.t*)

.rel.fini
 *(.rel.fini)

.rela.fini
 *(.rela.fini)

.rel.rodata
 *(.rel.rodata)
 *(.rel.rodata.*)
 *(.rel.gnu.linkonce.r*)

.rela.rodata
 *(.rela.rodata)
 *(.rela.rodata.*)
 *(.rela.gnu.linkonce.r*)

.rel.data
 *(.rel.data)
 *(.rel.data.*)
 *(.rel.gnu.linkonce.d*)

.rela.data
 *(.rela.data)
 *(.rela.data.*)
 *(.rela.gnu.linkonce.d*)

.rel.ctors
 *(.rel.ctors)

.rela.ctors
 *(.rela.ctors)

.rel.dtors
 *(.rel.dtors)

.rela.dtors
 *(.rela.dtors)

.rel.got
 *(.rel.got)

.rela.got
 *(.rela.got)

.rel.bss
 *(.rel.bss)

.rela.bss
 *(.rela.bss)

.rel.plt
 *(.rel.plt)

.rela.plt
 *(.rela.plt)

.text           0x00000000     0x5090
 *(.vectors)
 .vectors       0x00000000       0x54 e:/cmp2024/iti embeded sysytem/tools/01- imt sdk-20220809t141023z-001/01- imt sdk/imt_sdk_win_64/winavr/bin/../lib/gcc/avr/4.3.3/../../../../avr/lib/avr5/crtm32.o
                0x00000000                __vectors
                0x00000000                __vector_default
 *(.vectors)
 *(.progmem.gcc*)
 *(.progmem*)
                0x00000054                . = ALIGN (0x2)
                0x00000054                __trampolines_start = .
 *(.trampolines)
 .trampolines   0x00000054        0x0 linker stubs
 *(.trampolines*)
                0x00000054                __trampolines_end = .
 *(.jumptables)
 *(.jumptables*)
 *(.lowtext)
 *(.lowtext*)
                0x00000054                __ctors_start = .
 *(.ctors)
                0x00000054                __ctors_end = .
                0x00000054                __dtors_start = .
 *(.dtors)
                0x00000054                __dtors_end = .
 SORT(*)(.ctors)
 SORT(*)(.dtors)
 *(.init0)
 .init0         0x00000054        0x0 e:/cmp2024/iti embeded sysytem/tools/01- imt sdk-20220809t141023z-001/01- imt sdk/imt_sdk_win_64/winavr/bin/../lib/gcc/avr/4.3.3/../../../../avr/lib/avr5/crtm32.o
                0x00000054                __init
 *(.init0)
 *(.init1)
 *(.init1)
 *(.init2)
 .init2         0x00000054        0xc e:/cmp2024/iti embeded sysytem/tools/01- imt sdk-20220809t141023z-001/01- imt sdk/imt_sdk_win_64/winavr/bin/../lib/gcc/avr/4.3.3/../../../../avr/lib/avr5/crtm32.o
 *(.init2)
 *(.init3)
 *(.init3)
 *(.init4)
 .init4         0x00000060       0x16 e:/cmp2024/iti embeded sysytem/tools/01- imt sdk-20220809t141023z-001/01- imt sdk/imt_sdk_win_64/winavr/bin/../lib/gcc/avr/4.3.3/avr5\libgcc.a(_copy_data.o)
                0x00000060                __do_copy_data
 .init4         0x00000076       0x10 e:/cmp2024/iti embeded sysytem/tools/01- imt sdk-20220809t141023z-001/01- imt sdk/imt_sdk_win_64/winavr/bin/../lib/gcc/avr/4.3.3/avr5\libgcc.a(_clear_bss.o)
                0x00000076                __do_clear_bss
 *(.init4)
 *(.init5)
 *(.init5)
 *(.init6)
 *(.init6)
 *(.init7)
 *(.init7)
 *(.init8)
 *(.init8)
 *(.init9)
 .init9         0x00000086        0x8 e:/cmp2024/iti embeded sysytem/tools/01- imt sdk-20220809t141023z-001/01- imt sdk/imt_sdk_win_64/winavr/bin/../lib/gcc/avr/4.3.3/../../../../avr/lib/avr5/crtm32.o
 *(.init9)
 *(.text)
 .text          0x0000008e        0x4 e:/cmp2024/iti embeded sysytem/tools/01- imt sdk-20220809t141023z-001/01- imt sdk/imt_sdk_win_64/winavr/bin/../lib/gcc/avr/4.3.3/../../../../avr/lib/avr5/crtm32.o
                0x0000008e                __vector_12
                0x0000008e                __bad_interrupt
                0x0000008e                __vector_6
                0x0000008e                __vector_13
                0x0000008e                __vector_17
                0x0000008e                __vector_19
                0x0000008e                __vector_15
                0x0000008e                __vector_14
                0x0000008e                __vector_18
                0x0000008e                __vector_20
 .text          0x00000092        0x0 ./src/Adc.o
 .text          0x00000092        0x0 ./src/Calculator.o
 .text          0x00000092        0x0 ./src/DIO.o
 .text          0x00000092        0x0 ./src/EEPROM.o
 .text          0x00000092        0x0 ./src/ExtInterrupt.o
 .text          0x00000092        0x0 ./src/GlobalInterrupt.o
 .text          0x00000092        0x0 ./src/Gpt.o
 .text          0x00000092        0x0 ./src/I2C.o
 .text          0x00000092        0x0 ./src/Keypad.o
 .text          0x00000092        0x0 ./src/LCD.o
 .text          0x00000092        0x0 ./src/SPI.o
 .text          0x00000092        0x0 ./src/SSD.o
 .text          0x00000092        0x0 ./src/UART.o
 .text          0x00000092        0x0 ./src/WDT.o
 .text          0x00000092        0x0 ./main.o
 .text          0x00000092        0x0 e:/cmp2024/iti embeded sysytem/tools/01- imt sdk-20220809t141023z-001/01- imt sdk/imt_sdk_win_64/winavr/bin/../lib/gcc/avr/4.3.3/avr5\libgcc.a(_mulsi3.o)
 .text          0x00000092        0x0 e:/cmp2024/iti embeded sysytem/tools/01- imt sdk-20220809t141023z-001/01- imt sdk/imt_sdk_win_64/winavr/bin/../lib/gcc/avr/4.3.3/avr5\libgcc.a(_udivmodqi4.o)
 .text          0x00000092        0x0 e:/cmp2024/iti embeded sysytem/tools/01- imt sdk-20220809t141023z-001/01- imt sdk/imt_sdk_win_64/winavr/bin/../lib/gcc/avr/4.3.3/avr5\libgcc.a(_udivmodhi4.o)
 .text          0x00000092        0x0 e:/cmp2024/iti embeded sysytem/tools/01- imt sdk-20220809t141023z-001/01- imt sdk/imt_sdk_win_64/winavr/bin/../lib/gcc/avr/4.3.3/avr5\libgcc.a(_udivmodsi4.o)
 .text          0x00000092        0x0 e:/cmp2024/iti embeded sysytem/tools/01- imt sdk-20220809t141023z-001/01- imt sdk/imt_sdk_win_64/winavr/bin/../lib/gcc/avr/4.3.3/avr5\libgcc.a(_divmodsi4.o)
 .text          0x00000092        0x0 e:/cmp2024/iti embeded sysytem/tools/01- imt sdk-20220809t141023z-001/01- imt sdk/imt_sdk_win_64/winavr/bin/../lib/gcc/avr/4.3.3/avr5\libgcc.a(_exit.o)
 .text          0x00000092        0x0 e:/cmp2024/iti embeded sysytem/tools/01- imt sdk-20220809t141023z-001/01- imt sdk/imt_sdk_win_64/winavr/bin/../lib/gcc/avr/4.3.3/avr5\libgcc.a(_copy_data.o)
 .text          0x00000092        0x0 e:/cmp2024/iti embeded sysytem/tools/01- imt sdk-20220809t141023z-001/01- imt sdk/imt_sdk_win_64/winavr/bin/../lib/gcc/avr/4.3.3/avr5\libgcc.a(_clear_bss.o)
 .text          0x00000092       0x58 e:/cmp2024/iti embeded sysytem/tools/01- imt sdk-20220809t141023z-001/01- imt sdk/imt_sdk_win_64/winavr/bin/../lib/gcc/avr/4.3.3/avr5\libgcc.a(_fixunssfsi.o)
                0x00000092                __fixunssfsi
 .text          0x000000ea      0x354 e:/cmp2024/iti embeded sysytem/tools/01- imt sdk-20220809t141023z-001/01- imt sdk/imt_sdk_win_64/winavr/bin/../lib/gcc/avr/4.3.3/avr5\libgcc.a(_addsub_sf.o)
                0x00000382                __subsf3
                0x000003e4                __addsf3
 .text          0x0000043e      0x1f4 e:/cmp2024/iti embeded sysytem/tools/01- imt sdk-20220809t141023z-001/01- imt sdk/imt_sdk_win_64/winavr/bin/../lib/gcc/avr/4.3.3/avr5\libgcc.a(_mul_sf.o)
                0x0000043e                __mulsf3
 .text          0x00000632       0x60 e:/cmp2024/iti embeded sysytem/tools/01- imt sdk-20220809t141023z-001/01- imt sdk/imt_sdk_win_64/winavr/bin/../lib/gcc/avr/4.3.3/avr5\libgcc.a(_gt_sf.o)
                0x00000632                __gtsf2
 .text          0x00000692       0x60 e:/cmp2024/iti embeded sysytem/tools/01- imt sdk-20220809t141023z-001/01- imt sdk/imt_sdk_win_64/winavr/bin/../lib/gcc/avr/4.3.3/avr5\libgcc.a(_ge_sf.o)
                0x00000692                __gesf2
 .text          0x000006f2       0x60 e:/cmp2024/iti embeded sysytem/tools/01- imt sdk-20220809t141023z-001/01- imt sdk/imt_sdk_win_64/winavr/bin/../lib/gcc/avr/4.3.3/avr5\libgcc.a(_lt_sf.o)
                0x000006f2                __ltsf2
 .text          0x00000752       0xa8 e:/cmp2024/iti embeded sysytem/tools/01- imt sdk-20220809t141023z-001/01- imt sdk/imt_sdk_win_64/winavr/bin/../lib/gcc/avr/4.3.3/avr5\libgcc.a(_sf_to_si.o)
                0x00000752                __fixsfsi
 .text          0x000007fa        0x0 e:/cmp2024/iti embeded sysytem/tools/01- imt sdk-20220809t141023z-001/01- imt sdk/imt_sdk_win_64/winavr/bin/../lib/gcc/avr/4.3.3/avr5\libgcc.a(_thenan_sf.o)
 .text          0x000007fa       0xf2 e:/cmp2024/iti embeded sysytem/tools/01- imt sdk-20220809t141023z-001/01- imt sdk/imt_sdk_win_64/winavr/bin/../lib/gcc/avr/4.3.3/avr5\libgcc.a(_usi_to_sf.o)
                0x000007fa                __floatunsisf
 .text          0x000008ec        0x0 e:/cmp2024/iti embeded sysytem/tools/01- imt sdk-20220809t141023z-001/01- imt sdk/imt_sdk_win_64/winavr/bin/../lib/gcc/avr/4.3.3/avr5\libgcc.a(_prologue.o)
 .text          0x000008ec        0x0 e:/cmp2024/iti embeded sysytem/tools/01- imt sdk-20220809t141023z-001/01- imt sdk/imt_sdk_win_64/winavr/bin/../lib/gcc/avr/4.3.3/avr5\libgcc.a(_epilogue.o)
 .text          0x000008ec       0x9e e:/cmp2024/iti embeded sysytem/tools/01- imt sdk-20220809t141023z-001/01- imt sdk/imt_sdk_win_64/winavr/bin/../lib/gcc/avr/4.3.3/avr5\libgcc.a(_clzsi2.o)
                0x000008ec                __clzsi2
 .text          0x0000098a      0x1aa e:/cmp2024/iti embeded sysytem/tools/01- imt sdk-20220809t141023z-001/01- imt sdk/imt_sdk_win_64/winavr/bin/../lib/gcc/avr/4.3.3/avr5\libgcc.a(_pack_sf.o)
                0x0000098a                __pack_f
 .text          0x00000b34       0xf0 e:/cmp2024/iti embeded sysytem/tools/01- imt sdk-20220809t141023z-001/01- imt sdk/imt_sdk_win_64/winavr/bin/../lib/gcc/avr/4.3.3/avr5\libgcc.a(_unpack_sf.o)
                0x00000b34                __unpack_f
 .text          0x00000c24       0xb2 e:/cmp2024/iti embeded sysytem/tools/01- imt sdk-20220809t141023z-001/01- imt sdk/imt_sdk_win_64/winavr/bin/../lib/gcc/avr/4.3.3/avr5\libgcc.a(_fpcmp_parts_sf.o)
                0x00000c24                __fpcmp_parts_f
 .text          0x00000cd6        0x0 e:/cmp2024/iti embeded sysytem/tools/01- imt sdk-20220809t141023z-001/01- imt sdk/imt_sdk_win_64/winavr/bin/../lib/gcc/avr/4.3.3/avr5\libgcc.a(_clz.o)
                0x00000cd6                . = ALIGN (0x2)
 *(.text.*)
 .text.__vector_16
                0x00000cd6       0x66 ./src/Adc.o
                0x00000cd6                __vector_16
 .text.Adc_Init
                0x00000d3c       0x82 ./src/Adc.o
                0x00000d3c                Adc_Init
 .text.Adc_StartConversion
                0x00000dbe       0x40 ./src/Adc.o
                0x00000dbe                Adc_StartConversion
 .text.Adc_Enable
                0x00000dfe       0x1c ./src/Adc.o
                0x00000dfe                Adc_Enable
 .text.Adc_Disable
                0x00000e1a       0x1c ./src/Adc.o
                0x00000e1a                Adc_Disable
 .text.Adc_GetResult
                0x00000e36       0x5a ./src/Adc.o
                0x00000e36                Adc_GetResult
 .text.Adc_GetResultPolling
                0x00000e90       0x2e ./src/Adc.o
                0x00000e90                Adc_GetResultPolling
 .text.Adc_SetCallback
                0x00000ebe       0x24 ./src/Adc.o
                0x00000ebe                Adc_SetCallback
 .text.Calculator_Run
                0x00000ee2      0x1a4 ./src/Calculator.o
                0x00000ee2                Calculator_Run
 .text.Calculator_GetRealNumber
                0x00001086       0xee ./src/Calculator.o
                0x00001086                Calculator_GetRealNumber
 .text.DIO_FlipPinLevel
                0x00001174       0xfa ./src/DIO.o
                0x00001174                DIO_FlipPinLevel
 .text.DIO_SetPinMode
                0x0000126e      0x420 ./src/DIO.o
                0x0000126e                DIO_SetPinMode
 .text.DIO_SetPortMode
                0x0000168e      0x1fc ./src/DIO.o
                0x0000168e                DIO_SetPortMode
 .text.DIO_SetPinLevel
                0x0000188a      0x200 ./src/DIO.o
                0x0000188a                DIO_SetPinLevel
 .text.DIO_SetPortLevel
                0x00001a8a      0x15e ./src/DIO.o
                0x00001a8a                DIO_SetPortLevel
 .text.DIO_ReadPinLevel
                0x00001be8       0xf4 ./src/DIO.o
                0x00001be8                DIO_ReadPinLevel
 .text.DIO_ReadPortLevel
                0x00001cdc       0xfc ./src/DIO.o
                0x00001cdc                DIO_ReadPortLevel
 .text.EEPROM_Init
                0x00001dd8       0x12 ./src/EEPROM.o
                0x00001dd8                EEPROM_Init
 .text.EEPROM_Write_Byte
                0x00001dea       0x38 ./src/EEPROM.o
                0x00001dea                EEPROM_Write_Byte
 .text.EEPROM_Read_Byte
                0x00001e22       0x3c ./src/EEPROM.o
                0x00001e22                EEPROM_Read_Byte
 .text.__vector_1
                0x00001e5e       0x5a ./src/ExtInterrupt.o
                0x00001e5e                __vector_1
 .text.__vector_2
                0x00001eb8       0x5a ./src/ExtInterrupt.o
                0x00001eb8                __vector_2
 .text.__vector_3
                0x00001f12       0x5a ./src/ExtInterrupt.o
                0x00001f12                __vector_3
 .text.ExtInterrupt_Init
                0x00001f6c       0x82 ./src/ExtInterrupt.o
                0x00001f6c                ExtInterrupt_Init
 .text.ExtInterrupt_SetINT0Callback
                0x00001fee       0x24 ./src/ExtInterrupt.o
                0x00001fee                ExtInterrupt_SetINT0Callback
 .text.ExtInterrupt_SetINT1Callback
                0x00002012       0x24 ./src/ExtInterrupt.o
                0x00002012                ExtInterrupt_SetINT1Callback
 .text.ExtInterrupt_SetINT2Callback
                0x00002036       0x24 ./src/ExtInterrupt.o
                0x00002036                ExtInterrupt_SetINT2Callback
 .text.GlobalInterrupt_Enable
                0x0000205a       0x1c ./src/GlobalInterrupt.o
                0x0000205a                GlobalInterrupt_Enable
 .text.GlobalInterrupt_Disable
                0x00002076       0x1c ./src/GlobalInterrupt.o
                0x00002076                GlobalInterrupt_Disable
 .text.__vector_10
                0x00002092       0x5a ./src/Gpt.o
                0x00002092                __vector_10
 .text.__vector_11
                0x000020ec       0x5a ./src/Gpt.o
                0x000020ec                __vector_11
 .text.__vector_7
                0x00002146       0x5a ./src/Gpt.o
                0x00002146                __vector_7
 .text.__vector_9
                0x000021a0       0x5a ./src/Gpt.o
                0x000021a0                __vector_9
 .text.__vector_8
                0x000021fa       0x5a ./src/Gpt.o
                0x000021fa                __vector_8
 .text.__vector_4
                0x00002254       0x5a ./src/Gpt.o
                0x00002254                __vector_4
 .text.__vector_5
                0x000022ae       0x5a ./src/Gpt.o
                0x000022ae                __vector_5
 .text.Gpt_Init
                0x00002308      0xd48 ./src/Gpt.o
                0x00002308                Gpt_Init
 .text.Gpt_StartTimer
                0x00003050       0xec ./src/Gpt.o
                0x00003050                Gpt_StartTimer
 .text.Gpt_GetTimeElapsed
                0x0000313c       0xa0 ./src/Gpt.o
                0x0000313c                Gpt_GetTimeElapsed
 .text.Gpt_GetTimeRemaining
                0x000031dc      0x17a ./src/Gpt.o
                0x000031dc                Gpt_GetTimeRemaining
 .text.Gpt_EnableNotification
                0x00003356      0x17c ./src/Gpt.o
                0x00003356                Gpt_EnableNotification
 .text.Gpt_DisableNotification
                0x000034d2      0x10e ./src/Gpt.o
                0x000034d2                Gpt_DisableNotification
 .text.servo    0x000035e0       0x6c ./src/Gpt.o
                0x000035e0                servo
 .text.I2C_InitMaster
                0x0000364c       0x24 ./src/I2C.o
                0x0000364c                I2C_InitMaster
 .text.I2C_SendStartCondition
                0x00003670       0x20 ./src/I2C.o
                0x00003670                I2C_SendStartCondition
 .text.I2C_SendStopCondition
                0x00003690       0x16 ./src/I2C.o
                0x00003690                I2C_SendStopCondition
 .text.I2C_MasterWriteDataByte
                0x000036a6       0x2e ./src/I2C.o
                0x000036a6                I2C_MasterWriteDataByte
 .text.I2C_MasterReadDataByteWith_ACK
                0x000036d4       0x26 ./src/I2C.o
                0x000036d4                I2C_MasterReadDataByteWith_ACK
 .text.I2C_MasterReadDataByteWith_NACK
                0x000036fa       0x26 ./src/I2C.o
                0x000036fa                I2C_MasterReadDataByteWith_NACK
 .text.Keypad_Init
                0x00003720       0x5e ./src/Keypad.o
                0x00003720                Keypad_Init
 .text.Keypad_GetButtonState
                0x0000377e      0x14c ./src/Keypad.o
                0x0000377e                Keypad_GetButtonState
 .text.Keypad_GetButtonStatePooling
                0x000038ca      0x17c ./src/Keypad.o
                0x000038ca                Keypad_GetButtonStatePooling
 .text.Keypad_GetPressedButton
                0x00003a46       0x3c ./src/Keypad.o
                0x00003a46                Keypad_GetPressedButton
 .text.LCD_Init
                0x00003a82      0x14e ./src/LCD.o
                0x00003a82                LCD_Init
 .text.LCD_Clear
                0x00003bd0       0x14 ./src/LCD.o
                0x00003bd0                LCD_Clear
 .text.LCD_DisplayCharacter
                0x00003be4       0x1a ./src/LCD.o
                0x00003be4                LCD_DisplayCharacter
 .text.LCD_DisplayString
                0x00003bfe       0x52 ./src/LCD.o
                0x00003bfe                LCD_DisplayString
 .text.LCD_SetCursorPosition
                0x00003c50       0x48 ./src/LCD.o
                0x00003c50                LCD_SetCursorPosition
 .text.LCD_DisplayNumber
                0x00003c98      0x190 ./src/LCD.o
                0x00003c98                LCD_DisplayNumber
 .text.LCD_ShiftLeft
                0x00003e28       0x2e ./src/LCD.o
                0x00003e28                LCD_ShiftLeft
 .text.LCD_ShiftRight
                0x00003e56       0x2e ./src/LCD.o
                0x00003e56                LCD_ShiftRight
 .text.LCD_SendCommand
                0x00003e84      0x1d6 ./src/LCD.o
 .text.LCD_SendData
                0x0000405a      0x1d6 ./src/LCD.o
 .text.LCD_InitPinsMode
                0x00004230       0x7c ./src/LCD.o
 .text.SPI_Init
                0x000042ac       0x60 ./src/SPI.o
                0x000042ac                SPI_Init
 .text.SPI_Send_Data
                0x0000430c       0x26 ./src/SPI.o
                0x0000430c                SPI_Send_Data
 .text.SPI_Recieve_Data
                0x00004332       0x1e ./src/SPI.o
                0x00004332                SPI_Recieve_Data
 .text.SSD_Init
                0x00004350       0x54 ./src/SSD.o
                0x00004350                SSD_Init
 .text.SSD_Write
                0x000043a4      0x3d4 ./src/SSD.o
                0x000043a4                SSD_Write
 .text.UART_Init
                0x00004778      0x2ae ./src/UART.o
                0x00004778                UART_Init
 .text.UART_Send_Data
                0x00004a26       0x36 ./src/UART.o
                0x00004a26                UART_Send_Data
 .text.Recieve_Data
                0x00004a5c       0x1e ./src/UART.o
                0x00004a5c                Recieve_Data
 .text.WDT_enable
                0x00004a7a       0x1c ./src/WDT.o
                0x00004a7a                WDT_enable
 .text.WDT_disable
                0x00004a96       0x16 ./src/WDT.o
                0x00004a96                WDT_disable
 .text.WDT_SleepTime
                0x00004aac      0x216 ./src/WDT.o
                0x00004aac                WDT_SleepTime
 .text.Adc_Handler
                0x00004cc2       0x24 ./main.o
                0x00004cc2                Adc_Handler
 .text.main     0x00004ce6      0x240 ./main.o
                0x00004ce6                main
 .text.libgcc   0x00004f26       0x3e e:/cmp2024/iti embeded sysytem/tools/01- imt sdk-20220809t141023z-001/01- imt sdk/imt_sdk_win_64/winavr/bin/../lib/gcc/avr/4.3.3/avr5\libgcc.a(_mulsi3.o)
                0x00004f26                __mulsi3
 .text.libgcc   0x00004f64       0x18 e:/cmp2024/iti embeded sysytem/tools/01- imt sdk-20220809t141023z-001/01- imt sdk/imt_sdk_win_64/winavr/bin/../lib/gcc/avr/4.3.3/avr5\libgcc.a(_udivmodqi4.o)
                0x00004f64                __udivmodqi4
 .text.libgcc   0x00004f7c       0x28 e:/cmp2024/iti embeded sysytem/tools/01- imt sdk-20220809t141023z-001/01- imt sdk/imt_sdk_win_64/winavr/bin/../lib/gcc/avr/4.3.3/avr5\libgcc.a(_udivmodhi4.o)
                0x00004f7c                __udivmodhi4
 .text.libgcc   0x00004fa4       0x44 e:/cmp2024/iti embeded sysytem/tools/01- imt sdk-20220809t141023z-001/01- imt sdk/imt_sdk_win_64/winavr/bin/../lib/gcc/avr/4.3.3/avr5\libgcc.a(_udivmodsi4.o)
                0x00004fa4                __udivmodsi4
 .text.libgcc   0x00004fe8       0x36 e:/cmp2024/iti embeded sysytem/tools/01- imt sdk-20220809t141023z-001/01- imt sdk/imt_sdk_win_64/winavr/bin/../lib/gcc/avr/4.3.3/avr5\libgcc.a(_divmodsi4.o)
                0x00004fe8                __divmodsi4
 .text.libgcc   0x0000501e        0x0 e:/cmp2024/iti embeded sysytem/tools/01- imt sdk-20220809t141023z-001/01- imt sdk/imt_sdk_win_64/winavr/bin/../lib/gcc/avr/4.3.3/avr5\libgcc.a(_exit.o)
 .text.libgcc   0x0000501e        0x0 e:/cmp2024/iti embeded sysytem/tools/01- imt sdk-20220809t141023z-001/01- imt sdk/imt_sdk_win_64/winavr/bin/../lib/gcc/avr/4.3.3/avr5\libgcc.a(_copy_data.o)
 .text.libgcc   0x0000501e        0x0 e:/cmp2024/iti embeded sysytem/tools/01- imt sdk-20220809t141023z-001/01- imt sdk/imt_sdk_win_64/winavr/bin/../lib/gcc/avr/4.3.3/avr5\libgcc.a(_clear_bss.o)
 .text.libgcc   0x0000501e       0x38 e:/cmp2024/iti embeded sysytem/tools/01- imt sdk-20220809t141023z-001/01- imt sdk/imt_sdk_win_64/winavr/bin/../lib/gcc/avr/4.3.3/avr5\libgcc.a(_prologue.o)
                0x0000501e                __prologue_saves__
 .text.libgcc   0x00005056       0x36 e:/cmp2024/iti embeded sysytem/tools/01- imt sdk-20220809t141023z-001/01- imt sdk/imt_sdk_win_64/winavr/bin/../lib/gcc/avr/4.3.3/avr5\libgcc.a(_epilogue.o)
                0x00005056                __epilogue_restores__
                0x0000508c                . = ALIGN (0x2)
 *(.fini9)
 .fini9         0x0000508c        0x0 e:/cmp2024/iti embeded sysytem/tools/01- imt sdk-20220809t141023z-001/01- imt sdk/imt_sdk_win_64/winavr/bin/../lib/gcc/avr/4.3.3/avr5\libgcc.a(_exit.o)
                0x0000508c                exit
                0x0000508c                _exit
 *(.fini9)
 *(.fini8)
 *(.fini8)
 *(.fini7)
 *(.fini7)
 *(.fini6)
 *(.fini6)
 *(.fini5)
 *(.fini5)
 *(.fini4)
 *(.fini4)
 *(.fini3)
 *(.fini3)
 *(.fini2)
 *(.fini2)
 *(.fini1)
 *(.fini1)
 *(.fini0)
 .fini0         0x0000508c        0x4 e:/cmp2024/iti embeded sysytem/tools/01- imt sdk-20220809t141023z-001/01- imt sdk/imt_sdk_win_64/winavr/bin/../lib/gcc/avr/4.3.3/avr5\libgcc.a(_exit.o)
 *(.fini0)
                0x00005090                _etext = .

.data           0x00800060      0x126 load address 0x00005090
                0x00800060                PROVIDE (__data_start, .)
 *(.data)
 .data          0x00800060        0x0 e:/cmp2024/iti embeded sysytem/tools/01- imt sdk-20220809t141023z-001/01- imt sdk/imt_sdk_win_64/winavr/bin/../lib/gcc/avr/4.3.3/../../../../avr/lib/avr5/crtm32.o
 .data          0x00800060        0x0 ./src/Adc.o
 .data          0x00800060        0xa ./src/Calculator.o
 .data          0x0080006a        0x0 ./src/DIO.o
 .data          0x0080006a        0x0 ./src/EEPROM.o
 .data          0x0080006a        0x0 ./src/ExtInterrupt.o
 .data          0x0080006a        0x0 ./src/GlobalInterrupt.o
 .data          0x0080006a        0x0 ./src/Gpt.o
 .data          0x0080006a        0x0 ./src/I2C.o
 .data          0x0080006a        0x0 ./src/Keypad.o
 .data          0x0080006a        0x0 ./src/LCD.o
 .data          0x0080006a        0x0 ./src/SPI.o
 .data          0x0080006a        0x0 ./src/SSD.o
 .data          0x0080006a        0x0 ./src/UART.o
 .data          0x0080006a        0x0 ./src/WDT.o
 .data          0x0080006a       0x13 ./main.o
 .data          0x0080007d        0x0 e:/cmp2024/iti embeded sysytem/tools/01- imt sdk-20220809t141023z-001/01- imt sdk/imt_sdk_win_64/winavr/bin/../lib/gcc/avr/4.3.3/avr5\libgcc.a(_mulsi3.o)
 .data          0x0080007d        0x0 e:/cmp2024/iti embeded sysytem/tools/01- imt sdk-20220809t141023z-001/01- imt sdk/imt_sdk_win_64/winavr/bin/../lib/gcc/avr/4.3.3/avr5\libgcc.a(_udivmodqi4.o)
 .data          0x0080007d        0x0 e:/cmp2024/iti embeded sysytem/tools/01- imt sdk-20220809t141023z-001/01- imt sdk/imt_sdk_win_64/winavr/bin/../lib/gcc/avr/4.3.3/avr5\libgcc.a(_udivmodhi4.o)
 .data          0x0080007d        0x0 e:/cmp2024/iti embeded sysytem/tools/01- imt sdk-20220809t141023z-001/01- imt sdk/imt_sdk_win_64/winavr/bin/../lib/gcc/avr/4.3.3/avr5\libgcc.a(_udivmodsi4.o)
 .data          0x0080007d        0x0 e:/cmp2024/iti embeded sysytem/tools/01- imt sdk-20220809t141023z-001/01- imt sdk/imt_sdk_win_64/winavr/bin/../lib/gcc/avr/4.3.3/avr5\libgcc.a(_divmodsi4.o)
 .data          0x0080007d        0x0 e:/cmp2024/iti embeded sysytem/tools/01- imt sdk-20220809t141023z-001/01- imt sdk/imt_sdk_win_64/winavr/bin/../lib/gcc/avr/4.3.3/avr5\libgcc.a(_exit.o)
 .data          0x0080007d        0x0 e:/cmp2024/iti embeded sysytem/tools/01- imt sdk-20220809t141023z-001/01- imt sdk/imt_sdk_win_64/winavr/bin/../lib/gcc/avr/4.3.3/avr5\libgcc.a(_copy_data.o)
 .data          0x0080007d        0x0 e:/cmp2024/iti embeded sysytem/tools/01- imt sdk-20220809t141023z-001/01- imt sdk/imt_sdk_win_64/winavr/bin/../lib/gcc/avr/4.3.3/avr5\libgcc.a(_clear_bss.o)
 .data          0x0080007d        0x0 e:/cmp2024/iti embeded sysytem/tools/01- imt sdk-20220809t141023z-001/01- imt sdk/imt_sdk_win_64/winavr/bin/../lib/gcc/avr/4.3.3/avr5\libgcc.a(_fixunssfsi.o)
 .data          0x0080007d        0x0 e:/cmp2024/iti embeded sysytem/tools/01- imt sdk-20220809t141023z-001/01- imt sdk/imt_sdk_win_64/winavr/bin/../lib/gcc/avr/4.3.3/avr5\libgcc.a(_addsub_sf.o)
 .data          0x0080007d        0x0 e:/cmp2024/iti embeded sysytem/tools/01- imt sdk-20220809t141023z-001/01- imt sdk/imt_sdk_win_64/winavr/bin/../lib/gcc/avr/4.3.3/avr5\libgcc.a(_mul_sf.o)
 .data          0x0080007d        0x0 e:/cmp2024/iti embeded sysytem/tools/01- imt sdk-20220809t141023z-001/01- imt sdk/imt_sdk_win_64/winavr/bin/../lib/gcc/avr/4.3.3/avr5\libgcc.a(_gt_sf.o)
 .data          0x0080007d        0x0 e:/cmp2024/iti embeded sysytem/tools/01- imt sdk-20220809t141023z-001/01- imt sdk/imt_sdk_win_64/winavr/bin/../lib/gcc/avr/4.3.3/avr5\libgcc.a(_ge_sf.o)
 .data          0x0080007d        0x0 e:/cmp2024/iti embeded sysytem/tools/01- imt sdk-20220809t141023z-001/01- imt sdk/imt_sdk_win_64/winavr/bin/../lib/gcc/avr/4.3.3/avr5\libgcc.a(_lt_sf.o)
 .data          0x0080007d        0x0 e:/cmp2024/iti embeded sysytem/tools/01- imt sdk-20220809t141023z-001/01- imt sdk/imt_sdk_win_64/winavr/bin/../lib/gcc/avr/4.3.3/avr5\libgcc.a(_sf_to_si.o)
 .data          0x0080007d        0x8 e:/cmp2024/iti embeded sysytem/tools/01- imt sdk-20220809t141023z-001/01- imt sdk/imt_sdk_win_64/winavr/bin/../lib/gcc/avr/4.3.3/avr5\libgcc.a(_thenan_sf.o)
                0x0080007d                __thenan_sf
 .data          0x00800085        0x0 e:/cmp2024/iti embeded sysytem/tools/01- imt sdk-20220809t141023z-001/01- imt sdk/imt_sdk_win_64/winavr/bin/../lib/gcc/avr/4.3.3/avr5\libgcc.a(_usi_to_sf.o)
 .data          0x00800085        0x0 e:/cmp2024/iti embeded sysytem/tools/01- imt sdk-20220809t141023z-001/01- imt sdk/imt_sdk_win_64/winavr/bin/../lib/gcc/avr/4.3.3/avr5\libgcc.a(_prologue.o)
 .data          0x00800085        0x0 e:/cmp2024/iti embeded sysytem/tools/01- imt sdk-20220809t141023z-001/01- imt sdk/imt_sdk_win_64/winavr/bin/../lib/gcc/avr/4.3.3/avr5\libgcc.a(_epilogue.o)
 .data          0x00800085        0x0 e:/cmp2024/iti embeded sysytem/tools/01- imt sdk-20220809t141023z-001/01- imt sdk/imt_sdk_win_64/winavr/bin/../lib/gcc/avr/4.3.3/avr5\libgcc.a(_clzsi2.o)
 .data          0x00800085        0x0 e:/cmp2024/iti embeded sysytem/tools/01- imt sdk-20220809t141023z-001/01- imt sdk/imt_sdk_win_64/winavr/bin/../lib/gcc/avr/4.3.3/avr5\libgcc.a(_pack_sf.o)
 .data          0x00800085        0x0 e:/cmp2024/iti embeded sysytem/tools/01- imt sdk-20220809t141023z-001/01- imt sdk/imt_sdk_win_64/winavr/bin/../lib/gcc/avr/4.3.3/avr5\libgcc.a(_unpack_sf.o)
 .data          0x00800085        0x0 e:/cmp2024/iti embeded sysytem/tools/01- imt sdk-20220809t141023z-001/01- imt sdk/imt_sdk_win_64/winavr/bin/../lib/gcc/avr/4.3.3/avr5\libgcc.a(_fpcmp_parts_sf.o)
 .data          0x00800085      0x100 e:/cmp2024/iti embeded sysytem/tools/01- imt sdk-20220809t141023z-001/01- imt sdk/imt_sdk_win_64/winavr/bin/../lib/gcc/avr/4.3.3/avr5\libgcc.a(_clz.o)
                0x00800085                __clz_tab
 *(.data*)
 *(.rodata)
 *(.rodata*)
 *(.gnu.linkonce.d*)
                0x00800186                . = ALIGN (0x2)
 *fill*         0x00800185        0x1 00
                0x00800186                _edata = .
                0x00800186                PROVIDE (__data_end, .)

.bss            0x00800186       0x18
                0x00800186                PROVIDE (__bss_start, .)
 *(.bss)
 .bss           0x00800186        0x0 e:/cmp2024/iti embeded sysytem/tools/01- imt sdk-20220809t141023z-001/01- imt sdk/imt_sdk_win_64/winavr/bin/../lib/gcc/avr/4.3.3/../../../../avr/lib/avr5/crtm32.o
 .bss           0x00800186        0x0 ./src/Adc.o
 .bss           0x00800186        0x0 ./src/Calculator.o
 .bss           0x00800186        0x0 ./src/DIO.o
 .bss           0x00800186        0x0 ./src/EEPROM.o
 .bss           0x00800186        0x0 ./src/ExtInterrupt.o
 .bss           0x00800186        0x0 ./src/GlobalInterrupt.o
 .bss           0x00800186        0x0 ./src/Gpt.o
 .bss           0x00800186        0x0 ./src/I2C.o
 .bss           0x00800186        0x0 ./src/Keypad.o
 .bss           0x00800186        0x0 ./src/LCD.o
 .bss           0x00800186        0x0 ./src/SPI.o
 .bss           0x00800186        0x0 ./src/SSD.o
 .bss           0x00800186        0x0 ./src/UART.o
 .bss           0x00800186        0x0 ./src/WDT.o
 .bss           0x00800186        0x0 ./main.o
 .bss           0x00800186        0x0 e:/cmp2024/iti embeded sysytem/tools/01- imt sdk-20220809t141023z-001/01- imt sdk/imt_sdk_win_64/winavr/bin/../lib/gcc/avr/4.3.3/avr5\libgcc.a(_mulsi3.o)
 .bss           0x00800186        0x0 e:/cmp2024/iti embeded sysytem/tools/01- imt sdk-20220809t141023z-001/01- imt sdk/imt_sdk_win_64/winavr/bin/../lib/gcc/avr/4.3.3/avr5\libgcc.a(_udivmodqi4.o)
 .bss           0x00800186        0x0 e:/cmp2024/iti embeded sysytem/tools/01- imt sdk-20220809t141023z-001/01- imt sdk/imt_sdk_win_64/winavr/bin/../lib/gcc/avr/4.3.3/avr5\libgcc.a(_udivmodhi4.o)
 .bss           0x00800186        0x0 e:/cmp2024/iti embeded sysytem/tools/01- imt sdk-20220809t141023z-001/01- imt sdk/imt_sdk_win_64/winavr/bin/../lib/gcc/avr/4.3.3/avr5\libgcc.a(_udivmodsi4.o)
 .bss           0x00800186        0x0 e:/cmp2024/iti embeded sysytem/tools/01- imt sdk-20220809t141023z-001/01- imt sdk/imt_sdk_win_64/winavr/bin/../lib/gcc/avr/4.3.3/avr5\libgcc.a(_divmodsi4.o)
 .bss           0x00800186        0x0 e:/cmp2024/iti embeded sysytem/tools/01- imt sdk-20220809t141023z-001/01- imt sdk/imt_sdk_win_64/winavr/bin/../lib/gcc/avr/4.3.3/avr5\libgcc.a(_exit.o)
 .bss           0x00800186        0x0 e:/cmp2024/iti embeded sysytem/tools/01- imt sdk-20220809t141023z-001/01- imt sdk/imt_sdk_win_64/winavr/bin/../lib/gcc/avr/4.3.3/avr5\libgcc.a(_copy_data.o)
 .bss           0x00800186        0x0 e:/cmp2024/iti embeded sysytem/tools/01- imt sdk-20220809t141023z-001/01- imt sdk/imt_sdk_win_64/winavr/bin/../lib/gcc/avr/4.3.3/avr5\libgcc.a(_clear_bss.o)
 .bss           0x00800186        0x0 e:/cmp2024/iti embeded sysytem/tools/01- imt sdk-20220809t141023z-001/01- imt sdk/imt_sdk_win_64/winavr/bin/../lib/gcc/avr/4.3.3/avr5\libgcc.a(_fixunssfsi.o)
 .bss           0x00800186        0x0 e:/cmp2024/iti embeded sysytem/tools/01- imt sdk-20220809t141023z-001/01- imt sdk/imt_sdk_win_64/winavr/bin/../lib/gcc/avr/4.3.3/avr5\libgcc.a(_addsub_sf.o)
 .bss           0x00800186        0x0 e:/cmp2024/iti embeded sysytem/tools/01- imt sdk-20220809t141023z-001/01- imt sdk/imt_sdk_win_64/winavr/bin/../lib/gcc/avr/4.3.3/avr5\libgcc.a(_mul_sf.o)
 .bss           0x00800186        0x0 e:/cmp2024/iti embeded sysytem/tools/01- imt sdk-20220809t141023z-001/01- imt sdk/imt_sdk_win_64/winavr/bin/../lib/gcc/avr/4.3.3/avr5\libgcc.a(_gt_sf.o)
 .bss           0x00800186        0x0 e:/cmp2024/iti embeded sysytem/tools/01- imt sdk-20220809t141023z-001/01- imt sdk/imt_sdk_win_64/winavr/bin/../lib/gcc/avr/4.3.3/avr5\libgcc.a(_ge_sf.o)
 .bss           0x00800186        0x0 e:/cmp2024/iti embeded sysytem/tools/01- imt sdk-20220809t141023z-001/01- imt sdk/imt_sdk_win_64/winavr/bin/../lib/gcc/avr/4.3.3/avr5\libgcc.a(_lt_sf.o)
 .bss           0x00800186        0x0 e:/cmp2024/iti embeded sysytem/tools/01- imt sdk-20220809t141023z-001/01- imt sdk/imt_sdk_win_64/winavr/bin/../lib/gcc/avr/4.3.3/avr5\libgcc.a(_sf_to_si.o)
 .bss           0x00800186        0x0 e:/cmp2024/iti embeded sysytem/tools/01- imt sdk-20220809t141023z-001/01- imt sdk/imt_sdk_win_64/winavr/bin/../lib/gcc/avr/4.3.3/avr5\libgcc.a(_thenan_sf.o)
 .bss           0x00800186        0x0 e:/cmp2024/iti embeded sysytem/tools/01- imt sdk-20220809t141023z-001/01- imt sdk/imt_sdk_win_64/winavr/bin/../lib/gcc/avr/4.3.3/avr5\libgcc.a(_usi_to_sf.o)
 .bss           0x00800186        0x0 e:/cmp2024/iti embeded sysytem/tools/01- imt sdk-20220809t141023z-001/01- imt sdk/imt_sdk_win_64/winavr/bin/../lib/gcc/avr/4.3.3/avr5\libgcc.a(_prologue.o)
 .bss           0x00800186        0x0 e:/cmp2024/iti embeded sysytem/tools/01- imt sdk-20220809t141023z-001/01- imt sdk/imt_sdk_win_64/winavr/bin/../lib/gcc/avr/4.3.3/avr5\libgcc.a(_epilogue.o)
 .bss           0x00800186        0x0 e:/cmp2024/iti embeded sysytem/tools/01- imt sdk-20220809t141023z-001/01- imt sdk/imt_sdk_win_64/winavr/bin/../lib/gcc/avr/4.3.3/avr5\libgcc.a(_clzsi2.o)
 .bss           0x00800186        0x0 e:/cmp2024/iti embeded sysytem/tools/01- imt sdk-20220809t141023z-001/01- imt sdk/imt_sdk_win_64/winavr/bin/../lib/gcc/avr/4.3.3/avr5\libgcc.a(_pack_sf.o)
 .bss           0x00800186        0x0 e:/cmp2024/iti embeded sysytem/tools/01- imt sdk-20220809t141023z-001/01- imt sdk/imt_sdk_win_64/winavr/bin/../lib/gcc/avr/4.3.3/avr5\libgcc.a(_unpack_sf.o)
 .bss           0x00800186        0x0 e:/cmp2024/iti embeded sysytem/tools/01- imt sdk-20220809t141023z-001/01- imt sdk/imt_sdk_win_64/winavr/bin/../lib/gcc/avr/4.3.3/avr5\libgcc.a(_fpcmp_parts_sf.o)
 .bss           0x00800186        0x0 e:/cmp2024/iti embeded sysytem/tools/01- imt sdk-20220809t141023z-001/01- imt sdk/imt_sdk_win_64/winavr/bin/../lib/gcc/avr/4.3.3/avr5\libgcc.a(_clz.o)
 *(.bss*)
 .bss.result    0x00800186        0x2 ./main.o
                0x00800186                result
 *(COMMON)
 COMMON         0x00800188        0x2 ./src/Adc.o
                0x00800188                Adc_Callback
 COMMON         0x0080018a        0x6 ./src/ExtInterrupt.o
                0x0080018a                ExtInterrupt_INT1Callback
                0x0080018c                ExtInterrupt_INT0Callback
                0x0080018e                ExtInterrupt_INT2Callback
 COMMON         0x00800190        0xe ./src/Gpt.o
                0x00800190                Gpt_Timer0_Callback_Ctc
                0x00800192                Gpt_Timer2_Callback_Ctc
                0x00800194                Gpt_Timer1B_Callback_Ctc
                0x00800196                Gpt_Timer2_Callback_Normal
                0x00800198                Gpt_Timer1A_Callback_Ctc
                0x0080019a                Gpt_Timer0_Callback_Normal
                0x0080019c                Gpt_Timer1_Callback_Normal
                0x0080019e                PROVIDE (__bss_end, .)
                0x00005090                __data_load_start = LOADADDR (.data)
                0x000051b6                __data_load_end = (__data_load_start + SIZEOF (.data))

.noinit         0x0080019e        0x0
                0x0080019e                PROVIDE (__noinit_start, .)
 *(.noinit*)
                0x0080019e                PROVIDE (__noinit_end, .)
                0x0080019e                _end = .
                0x0080019e                PROVIDE (__heap_start, .)

.eeprom         0x00810000        0x0
 *(.eeprom*)
                0x00810000                __eeprom_end = .

.fuse
 *(.fuse)
 *(.lfuse)
 *(.hfuse)
 *(.efuse)

.lock
 *(.lock*)

.signature
 *(.signature*)

.stab           0x00000000     0x51b4
 *(.stab)
 .stab          0x00000000      0x45c ./src/Adc.o
 .stab          0x0000045c      0x4c8 ./src/Calculator.o
                                0x564 (size before relaxing)
 .stab          0x00000924      0x900 ./src/DIO.o
                                0x99c (size before relaxing)
 .stab          0x00001224      0x228 ./src/EEPROM.o
                                0x2c4 (size before relaxing)
 .stab          0x0000144c      0x2dc ./src/ExtInterrupt.o
                                0x378 (size before relaxing)
 .stab          0x00001728      0x144 ./src/GlobalInterrupt.o
                                0x1e0 (size before relaxing)
 .stab          0x0000186c     0x12d8 ./src/Gpt.o
                               0x1374 (size before relaxing)
 .stab          0x00002b44      0x27c ./src/I2C.o
                                0x318 (size before relaxing)
 .stab          0x00002dc0      0x540 ./src/Keypad.o
                                0x684 (size before relaxing)
 .stab          0x00003300      0xbac ./src/LCD.o
                                0xcf0 (size before relaxing)
 .stab          0x00003eac      0x1ec ./src/SPI.o
                                0x2f4 (size before relaxing)
 .stab          0x00004098      0x570 ./src/SSD.o
                                0x678 (size before relaxing)
 .stab          0x00004608      0x444 ./src/UART.o
                                0x54c (size before relaxing)
 .stab          0x00004a4c      0x2f4 ./src/WDT.o
                                0x390 (size before relaxing)
 .stab          0x00004d40      0x474 ./main.o
                                0x888 (size before relaxing)

.stabstr        0x00000000     0x2608
 *(.stabstr)
 .stabstr       0x00000000     0x2608 ./src/Adc.o

.stab.excl
 *(.stab.excl)

.stab.exclstr
 *(.stab.exclstr)

.stab.index
 *(.stab.index)

.stab.indexstr
 *(.stab.indexstr)

.comment
 *(.comment)

.debug
 *(.debug)

.line
 *(.line)

.debug_srcinfo
 *(.debug_srcinfo)

.debug_sfnames
 *(.debug_sfnames)

.debug_aranges  0x00000000      0x180
 *(.debug_aranges)
 .debug_aranges
                0x00000000       0x20 e:/cmp2024/iti embeded sysytem/tools/01- imt sdk-20220809t141023z-001/01- imt sdk/imt_sdk_win_64/winavr/bin/../lib/gcc/avr/4.3.3/avr5\libgcc.a(_fixunssfsi.o)
 .debug_aranges
                0x00000020       0x20 e:/cmp2024/iti embeded sysytem/tools/01- imt sdk-20220809t141023z-001/01- imt sdk/imt_sdk_win_64/winavr/bin/../lib/gcc/avr/4.3.3/avr5\libgcc.a(_addsub_sf.o)
 .debug_aranges
                0x00000040       0x20 e:/cmp2024/iti embeded sysytem/tools/01- imt sdk-20220809t141023z-001/01- imt sdk/imt_sdk_win_64/winavr/bin/../lib/gcc/avr/4.3.3/avr5\libgcc.a(_mul_sf.o)
 .debug_aranges
                0x00000060       0x20 e:/cmp2024/iti embeded sysytem/tools/01- imt sdk-20220809t141023z-001/01- imt sdk/imt_sdk_win_64/winavr/bin/../lib/gcc/avr/4.3.3/avr5\libgcc.a(_gt_sf.o)
 .debug_aranges
                0x00000080       0x20 e:/cmp2024/iti embeded sysytem/tools/01- imt sdk-20220809t141023z-001/01- imt sdk/imt_sdk_win_64/winavr/bin/../lib/gcc/avr/4.3.3/avr5\libgcc.a(_ge_sf.o)
 .debug_aranges
                0x000000a0       0x20 e:/cmp2024/iti embeded sysytem/tools/01- imt sdk-20220809t141023z-001/01- imt sdk/imt_sdk_win_64/winavr/bin/../lib/gcc/avr/4.3.3/avr5\libgcc.a(_lt_sf.o)
 .debug_aranges
                0x000000c0       0x20 e:/cmp2024/iti embeded sysytem/tools/01- imt sdk-20220809t141023z-001/01- imt sdk/imt_sdk_win_64/winavr/bin/../lib/gcc/avr/4.3.3/avr5\libgcc.a(_sf_to_si.o)
 .debug_aranges
                0x000000e0       0x20 e:/cmp2024/iti embeded sysytem/tools/01- imt sdk-20220809t141023z-001/01- imt sdk/imt_sdk_win_64/winavr/bin/../lib/gcc/avr/4.3.3/avr5\libgcc.a(_usi_to_sf.o)
 .debug_aranges
                0x00000100       0x20 e:/cmp2024/iti embeded sysytem/tools/01- imt sdk-20220809t141023z-001/01- imt sdk/imt_sdk_win_64/winavr/bin/../lib/gcc/avr/4.3.3/avr5\libgcc.a(_clzsi2.o)
 .debug_aranges
                0x00000120       0x20 e:/cmp2024/iti embeded sysytem/tools/01- imt sdk-20220809t141023z-001/01- imt sdk/imt_sdk_win_64/winavr/bin/../lib/gcc/avr/4.3.3/avr5\libgcc.a(_pack_sf.o)
 .debug_aranges
                0x00000140       0x20 e:/cmp2024/iti embeded sysytem/tools/01- imt sdk-20220809t141023z-001/01- imt sdk/imt_sdk_win_64/winavr/bin/../lib/gcc/avr/4.3.3/avr5\libgcc.a(_unpack_sf.o)
 .debug_aranges
                0x00000160       0x20 e:/cmp2024/iti embeded sysytem/tools/01- imt sdk-20220809t141023z-001/01- imt sdk/imt_sdk_win_64/winavr/bin/../lib/gcc/avr/4.3.3/avr5\libgcc.a(_fpcmp_parts_sf.o)

.debug_pubnames
                0x00000000      0x1d3
 *(.debug_pubnames)
 .debug_pubnames
                0x00000000       0x23 e:/cmp2024/iti embeded sysytem/tools/01- imt sdk-20220809t141023z-001/01- imt sdk/imt_sdk_win_64/winavr/bin/../lib/gcc/avr/4.3.3/avr5\libgcc.a(_fixunssfsi.o)
 .debug_pubnames
                0x00000023       0x2c e:/cmp2024/iti embeded sysytem/tools/01- imt sdk-20220809t141023z-001/01- imt sdk/imt_sdk_win_64/winavr/bin/../lib/gcc/avr/4.3.3/avr5\libgcc.a(_addsub_sf.o)
 .debug_pubnames
                0x0000004f       0x1f e:/cmp2024/iti embeded sysytem/tools/01- imt sdk-20220809t141023z-001/01- imt sdk/imt_sdk_win_64/winavr/bin/../lib/gcc/avr/4.3.3/avr5\libgcc.a(_mul_sf.o)
 .debug_pubnames
                0x0000006e       0x1e e:/cmp2024/iti embeded sysytem/tools/01- imt sdk-20220809t141023z-001/01- imt sdk/imt_sdk_win_64/winavr/bin/../lib/gcc/avr/4.3.3/avr5\libgcc.a(_gt_sf.o)
 .debug_pubnames
                0x0000008c       0x1e e:/cmp2024/iti embeded sysytem/tools/01- imt sdk-20220809t141023z-001/01- imt sdk/imt_sdk_win_64/winavr/bin/../lib/gcc/avr/4.3.3/avr5\libgcc.a(_ge_sf.o)
 .debug_pubnames
                0x000000aa       0x1e e:/cmp2024/iti embeded sysytem/tools/01- imt sdk-20220809t141023z-001/01- imt sdk/imt_sdk_win_64/winavr/bin/../lib/gcc/avr/4.3.3/avr5\libgcc.a(_lt_sf.o)
 .debug_pubnames
                0x000000c8       0x20 e:/cmp2024/iti embeded sysytem/tools/01- imt sdk-20220809t141023z-001/01- imt sdk/imt_sdk_win_64/winavr/bin/../lib/gcc/avr/4.3.3/avr5\libgcc.a(_sf_to_si.o)
 .debug_pubnames
                0x000000e8       0x22 e:/cmp2024/iti embeded sysytem/tools/01- imt sdk-20220809t141023z-001/01- imt sdk/imt_sdk_win_64/winavr/bin/../lib/gcc/avr/4.3.3/avr5\libgcc.a(_thenan_sf.o)
 .debug_pubnames
                0x0000010a       0x24 e:/cmp2024/iti embeded sysytem/tools/01- imt sdk-20220809t141023z-001/01- imt sdk/imt_sdk_win_64/winavr/bin/../lib/gcc/avr/4.3.3/avr5\libgcc.a(_usi_to_sf.o)
 .debug_pubnames
                0x0000012e       0x1f e:/cmp2024/iti embeded sysytem/tools/01- imt sdk-20220809t141023z-001/01- imt sdk/imt_sdk_win_64/winavr/bin/../lib/gcc/avr/4.3.3/avr5\libgcc.a(_clzsi2.o)
 .debug_pubnames
                0x0000014d       0x1f e:/cmp2024/iti embeded sysytem/tools/01- imt sdk-20220809t141023z-001/01- imt sdk/imt_sdk_win_64/winavr/bin/../lib/gcc/avr/4.3.3/avr5\libgcc.a(_pack_sf.o)
 .debug_pubnames
                0x0000016c       0x21 e:/cmp2024/iti embeded sysytem/tools/01- imt sdk-20220809t141023z-001/01- imt sdk/imt_sdk_win_64/winavr/bin/../lib/gcc/avr/4.3.3/avr5\libgcc.a(_unpack_sf.o)
 .debug_pubnames
                0x0000018d       0x26 e:/cmp2024/iti embeded sysytem/tools/01- imt sdk-20220809t141023z-001/01- imt sdk/imt_sdk_win_64/winavr/bin/../lib/gcc/avr/4.3.3/avr5\libgcc.a(_fpcmp_parts_sf.o)
 .debug_pubnames
                0x000001b3       0x20 e:/cmp2024/iti embeded sysytem/tools/01- imt sdk-20220809t141023z-001/01- imt sdk/imt_sdk_win_64/winavr/bin/../lib/gcc/avr/4.3.3/avr5\libgcc.a(_clz.o)

.debug_info     0x00000000     0x200f
 *(.debug_info)
 .debug_info    0x00000000       0xb1 e:/cmp2024/iti embeded sysytem/tools/01- imt sdk-20220809t141023z-001/01- imt sdk/imt_sdk_win_64/winavr/bin/../lib/gcc/avr/4.3.3/avr5\libgcc.a(_fixunssfsi.o)
 .debug_info    0x000000b1      0x47a e:/cmp2024/iti embeded sysytem/tools/01- imt sdk-20220809t141023z-001/01- imt sdk/imt_sdk_win_64/winavr/bin/../lib/gcc/avr/4.3.3/avr5\libgcc.a(_addsub_sf.o)
 .debug_info    0x0000052b      0x485 e:/cmp2024/iti embeded sysytem/tools/01- imt sdk-20220809t141023z-001/01- imt sdk/imt_sdk_win_64/winavr/bin/../lib/gcc/avr/4.3.3/avr5\libgcc.a(_mul_sf.o)
 .debug_info    0x000009b0      0x27f e:/cmp2024/iti embeded sysytem/tools/01- imt sdk-20220809t141023z-001/01- imt sdk/imt_sdk_win_64/winavr/bin/../lib/gcc/avr/4.3.3/avr5\libgcc.a(_gt_sf.o)
 .debug_info    0x00000c2f      0x27f e:/cmp2024/iti embeded sysytem/tools/01- imt sdk-20220809t141023z-001/01- imt sdk/imt_sdk_win_64/winavr/bin/../lib/gcc/avr/4.3.3/avr5\libgcc.a(_ge_sf.o)
 .debug_info    0x00000eae      0x27f e:/cmp2024/iti embeded sysytem/tools/01- imt sdk-20220809t141023z-001/01- imt sdk/imt_sdk_win_64/winavr/bin/../lib/gcc/avr/4.3.3/avr5\libgcc.a(_lt_sf.o)
 .debug_info    0x0000112d      0x2b0 e:/cmp2024/iti embeded sysytem/tools/01- imt sdk-20220809t141023z-001/01- imt sdk/imt_sdk_win_64/winavr/bin/../lib/gcc/avr/4.3.3/avr5\libgcc.a(_sf_to_si.o)
 .debug_info    0x000013dd      0x12c e:/cmp2024/iti embeded sysytem/tools/01- imt sdk-20220809t141023z-001/01- imt sdk/imt_sdk_win_64/winavr/bin/../lib/gcc/avr/4.3.3/avr5\libgcc.a(_thenan_sf.o)
 .debug_info    0x00001509      0x206 e:/cmp2024/iti embeded sysytem/tools/01- imt sdk-20220809t141023z-001/01- imt sdk/imt_sdk_win_64/winavr/bin/../lib/gcc/avr/4.3.3/avr5\libgcc.a(_usi_to_sf.o)
 .debug_info    0x0000170f      0x117 e:/cmp2024/iti embeded sysytem/tools/01- imt sdk-20220809t141023z-001/01- imt sdk/imt_sdk_win_64/winavr/bin/../lib/gcc/avr/4.3.3/avr5\libgcc.a(_clzsi2.o)
 .debug_info    0x00001826      0x2df e:/cmp2024/iti embeded sysytem/tools/01- imt sdk-20220809t141023z-001/01- imt sdk/imt_sdk_win_64/winavr/bin/../lib/gcc/avr/4.3.3/avr5\libgcc.a(_pack_sf.o)
 .debug_info    0x00001b05      0x251 e:/cmp2024/iti embeded sysytem/tools/01- imt sdk-20220809t141023z-001/01- imt sdk/imt_sdk_win_64/winavr/bin/../lib/gcc/avr/4.3.3/avr5\libgcc.a(_unpack_sf.o)
 .debug_info    0x00001d56      0x210 e:/cmp2024/iti embeded sysytem/tools/01- imt sdk-20220809t141023z-001/01- imt sdk/imt_sdk_win_64/winavr/bin/../lib/gcc/avr/4.3.3/avr5\libgcc.a(_fpcmp_parts_sf.o)
 .debug_info    0x00001f66       0xa9 e:/cmp2024/iti embeded sysytem/tools/01- imt sdk-20220809t141023z-001/01- imt sdk/imt_sdk_win_64/winavr/bin/../lib/gcc/avr/4.3.3/avr5\libgcc.a(_clz.o)
 *(.gnu.linkonce.wi.*)

.debug_abbrev   0x00000000     0x1170
 *(.debug_abbrev)
 .debug_abbrev  0x00000000       0x5d e:/cmp2024/iti embeded sysytem/tools/01- imt sdk-20220809t141023z-001/01- imt sdk/imt_sdk_win_64/winavr/bin/../lib/gcc/avr/4.3.3/avr5\libgcc.a(_fixunssfsi.o)
 .debug_abbrev  0x0000005d      0x1ea e:/cmp2024/iti embeded sysytem/tools/01- imt sdk-20220809t141023z-001/01- imt sdk/imt_sdk_win_64/winavr/bin/../lib/gcc/avr/4.3.3/avr5\libgcc.a(_addsub_sf.o)
 .debug_abbrev  0x00000247      0x21b e:/cmp2024/iti embeded sysytem/tools/01- imt sdk-20220809t141023z-001/01- imt sdk/imt_sdk_win_64/winavr/bin/../lib/gcc/avr/4.3.3/avr5\libgcc.a(_mul_sf.o)
 .debug_abbrev  0x00000462      0x15a e:/cmp2024/iti embeded sysytem/tools/01- imt sdk-20220809t141023z-001/01- imt sdk/imt_sdk_win_64/winavr/bin/../lib/gcc/avr/4.3.3/avr5\libgcc.a(_gt_sf.o)
 .debug_abbrev  0x000005bc      0x15a e:/cmp2024/iti embeded sysytem/tools/01- imt sdk-20220809t141023z-001/01- imt sdk/imt_sdk_win_64/winavr/bin/../lib/gcc/avr/4.3.3/avr5\libgcc.a(_ge_sf.o)
 .debug_abbrev  0x00000716      0x15a e:/cmp2024/iti embeded sysytem/tools/01- imt sdk-20220809t141023z-001/01- imt sdk/imt_sdk_win_64/winavr/bin/../lib/gcc/avr/4.3.3/avr5\libgcc.a(_lt_sf.o)
 .debug_abbrev  0x00000870      0x17f e:/cmp2024/iti embeded sysytem/tools/01- imt sdk-20220809t141023z-001/01- imt sdk/imt_sdk_win_64/winavr/bin/../lib/gcc/avr/4.3.3/avr5\libgcc.a(_sf_to_si.o)
 .debug_abbrev  0x000009ef       0xad e:/cmp2024/iti embeded sysytem/tools/01- imt sdk-20220809t141023z-001/01- imt sdk/imt_sdk_win_64/winavr/bin/../lib/gcc/avr/4.3.3/avr5\libgcc.a(_thenan_sf.o)
 .debug_abbrev  0x00000a9c      0x157 e:/cmp2024/iti embeded sysytem/tools/01- imt sdk-20220809t141023z-001/01- imt sdk/imt_sdk_win_64/winavr/bin/../lib/gcc/avr/4.3.3/avr5\libgcc.a(_usi_to_sf.o)
 .debug_abbrev  0x00000bf3       0xc4 e:/cmp2024/iti embeded sysytem/tools/01- imt sdk-20220809t141023z-001/01- imt sdk/imt_sdk_win_64/winavr/bin/../lib/gcc/avr/4.3.3/avr5\libgcc.a(_clzsi2.o)
 .debug_abbrev  0x00000cb7      0x1c0 e:/cmp2024/iti embeded sysytem/tools/01- imt sdk-20220809t141023z-001/01- imt sdk/imt_sdk_win_64/winavr/bin/../lib/gcc/avr/4.3.3/avr5\libgcc.a(_pack_sf.o)
 .debug_abbrev  0x00000e77      0x154 e:/cmp2024/iti embeded sysytem/tools/01- imt sdk-20220809t141023z-001/01- imt sdk/imt_sdk_win_64/winavr/bin/../lib/gcc/avr/4.3.3/avr5\libgcc.a(_unpack_sf.o)
 .debug_abbrev  0x00000fcb      0x13b e:/cmp2024/iti embeded sysytem/tools/01- imt sdk-20220809t141023z-001/01- imt sdk/imt_sdk_win_64/winavr/bin/../lib/gcc/avr/4.3.3/avr5\libgcc.a(_fpcmp_parts_sf.o)
 .debug_abbrev  0x00001106       0x6a e:/cmp2024/iti embeded sysytem/tools/01- imt sdk-20220809t141023z-001/01- imt sdk/imt_sdk_win_64/winavr/bin/../lib/gcc/avr/4.3.3/avr5\libgcc.a(_clz.o)

.debug_line     0x00000000     0x1001
 *(.debug_line)
 .debug_line    0x00000000       0xa7 e:/cmp2024/iti embeded sysytem/tools/01- imt sdk-20220809t141023z-001/01- imt sdk/imt_sdk_win_64/winavr/bin/../lib/gcc/avr/4.3.3/avr5\libgcc.a(_fixunssfsi.o)
 .debug_line    0x000000a7      0x2af e:/cmp2024/iti embeded sysytem/tools/01- imt sdk-20220809t141023z-001/01- imt sdk/imt_sdk_win_64/winavr/bin/../lib/gcc/avr/4.3.3/avr5\libgcc.a(_addsub_sf.o)
 .debug_line    0x00000356      0x239 e:/cmp2024/iti embeded sysytem/tools/01- imt sdk-20220809t141023z-001/01- imt sdk/imt_sdk_win_64/winavr/bin/../lib/gcc/avr/4.3.3/avr5\libgcc.a(_mul_sf.o)
 .debug_line    0x0000058f       0xd3 e:/cmp2024/iti embeded sysytem/tools/01- imt sdk-20220809t141023z-001/01- imt sdk/imt_sdk_win_64/winavr/bin/../lib/gcc/avr/4.3.3/avr5\libgcc.a(_gt_sf.o)
 .debug_line    0x00000662       0xd3 e:/cmp2024/iti embeded sysytem/tools/01- imt sdk-20220809t141023z-001/01- imt sdk/imt_sdk_win_64/winavr/bin/../lib/gcc/avr/4.3.3/avr5\libgcc.a(_ge_sf.o)
 .debug_line    0x00000735       0xd3 e:/cmp2024/iti embeded sysytem/tools/01- imt sdk-20220809t141023z-001/01- imt sdk/imt_sdk_win_64/winavr/bin/../lib/gcc/avr/4.3.3/avr5\libgcc.a(_lt_sf.o)
 .debug_line    0x00000808      0x109 e:/cmp2024/iti embeded sysytem/tools/01- imt sdk-20220809t141023z-001/01- imt sdk/imt_sdk_win_64/winavr/bin/../lib/gcc/avr/4.3.3/avr5\libgcc.a(_sf_to_si.o)
 .debug_line    0x00000911       0x90 e:/cmp2024/iti embeded sysytem/tools/01- imt sdk-20220809t141023z-001/01- imt sdk/imt_sdk_win_64/winavr/bin/../lib/gcc/avr/4.3.3/avr5\libgcc.a(_thenan_sf.o)
 .debug_line    0x000009a1      0x133 e:/cmp2024/iti embeded sysytem/tools/01- imt sdk-20220809t141023z-001/01- imt sdk/imt_sdk_win_64/winavr/bin/../lib/gcc/avr/4.3.3/avr5\libgcc.a(_usi_to_sf.o)
 .debug_line    0x00000ad4       0xa5 e:/cmp2024/iti embeded sysytem/tools/01- imt sdk-20220809t141023z-001/01- imt sdk/imt_sdk_win_64/winavr/bin/../lib/gcc/avr/4.3.3/avr5\libgcc.a(_clzsi2.o)
 .debug_line    0x00000b79      0x18a e:/cmp2024/iti embeded sysytem/tools/01- imt sdk-20220809t141023z-001/01- imt sdk/imt_sdk_win_64/winavr/bin/../lib/gcc/avr/4.3.3/avr5\libgcc.a(_pack_sf.o)
 .debug_line    0x00000d03      0x14b e:/cmp2024/iti embeded sysytem/tools/01- imt sdk-20220809t141023z-001/01- imt sdk/imt_sdk_win_64/winavr/bin/../lib/gcc/avr/4.3.3/avr5\libgcc.a(_unpack_sf.o)
 .debug_line    0x00000e4e      0x137 e:/cmp2024/iti embeded sysytem/tools/01- imt sdk-20220809t141023z-001/01- imt sdk/imt_sdk_win_64/winavr/bin/../lib/gcc/avr/4.3.3/avr5\libgcc.a(_fpcmp_parts_sf.o)
 .debug_line    0x00000f85       0x7c e:/cmp2024/iti embeded sysytem/tools/01- imt sdk-20220809t141023z-001/01- imt sdk/imt_sdk_win_64/winavr/bin/../lib/gcc/avr/4.3.3/avr5\libgcc.a(_clz.o)

.debug_frame    0x00000000      0x1a0
 *(.debug_frame)
 .debug_frame   0x00000000       0x20 e:/cmp2024/iti embeded sysytem/tools/01- imt sdk-20220809t141023z-001/01- imt sdk/imt_sdk_win_64/winavr/bin/../lib/gcc/avr/4.3.3/avr5\libgcc.a(_fixunssfsi.o)
 .debug_frame   0x00000020       0x40 e:/cmp2024/iti embeded sysytem/tools/01- imt sdk-20220809t141023z-001/01- imt sdk/imt_sdk_win_64/winavr/bin/../lib/gcc/avr/4.3.3/avr5\libgcc.a(_addsub_sf.o)
 .debug_frame   0x00000060       0x20 e:/cmp2024/iti embeded sysytem/tools/01- imt sdk-20220809t141023z-001/01- imt sdk/imt_sdk_win_64/winavr/bin/../lib/gcc/avr/4.3.3/avr5\libgcc.a(_mul_sf.o)
 .debug_frame   0x00000080       0x20 e:/cmp2024/iti embeded sysytem/tools/01- imt sdk-20220809t141023z-001/01- imt sdk/imt_sdk_win_64/winavr/bin/../lib/gcc/avr/4.3.3/avr5\libgcc.a(_gt_sf.o)
 .debug_frame   0x000000a0       0x20 e:/cmp2024/iti embeded sysytem/tools/01- imt sdk-20220809t141023z-001/01- imt sdk/imt_sdk_win_64/winavr/bin/../lib/gcc/avr/4.3.3/avr5\libgcc.a(_ge_sf.o)
 .debug_frame   0x000000c0       0x20 e:/cmp2024/iti embeded sysytem/tools/01- imt sdk-20220809t141023z-001/01- imt sdk/imt_sdk_win_64/winavr/bin/../lib/gcc/avr/4.3.3/avr5\libgcc.a(_lt_sf.o)
 .debug_frame   0x000000e0       0x20 e:/cmp2024/iti embeded sysytem/tools/01- imt sdk-20220809t141023z-001/01- imt sdk/imt_sdk_win_64/winavr/bin/../lib/gcc/avr/4.3.3/avr5\libgcc.a(_sf_to_si.o)
 .debug_frame   0x00000100       0x20 e:/cmp2024/iti embeded sysytem/tools/01- imt sdk-20220809t141023z-001/01- imt sdk/imt_sdk_win_64/winavr/bin/../lib/gcc/avr/4.3.3/avr5\libgcc.a(_usi_to_sf.o)
 .debug_frame   0x00000120       0x20 e:/cmp2024/iti embeded sysytem/tools/01- imt sdk-20220809t141023z-001/01- imt sdk/imt_sdk_win_64/winavr/bin/../lib/gcc/avr/4.3.3/avr5\libgcc.a(_clzsi2.o)
 .debug_frame   0x00000140       0x20 e:/cmp2024/iti embeded sysytem/tools/01- imt sdk-20220809t141023z-001/01- imt sdk/imt_sdk_win_64/winavr/bin/../lib/gcc/avr/4.3.3/avr5\libgcc.a(_pack_sf.o)
 .debug_frame   0x00000160       0x20 e:/cmp2024/iti embeded sysytem/tools/01- imt sdk-20220809t141023z-001/01- imt sdk/imt_sdk_win_64/winavr/bin/../lib/gcc/avr/4.3.3/avr5\libgcc.a(_unpack_sf.o)
 .debug_frame   0x00000180       0x20 e:/cmp2024/iti embeded sysytem/tools/01- imt sdk-20220809t141023z-001/01- imt sdk/imt_sdk_win_64/winavr/bin/../lib/gcc/avr/4.3.3/avr5\libgcc.a(_fpcmp_parts_sf.o)

.debug_str      0x00000000      0x2c1
 *(.debug_str)
 .debug_str     0x00000000       0xbf e:/cmp2024/iti embeded sysytem/tools/01- imt sdk-20220809t141023z-001/01- imt sdk/imt_sdk_win_64/winavr/bin/../lib/gcc/avr/4.3.3/avr5\libgcc.a(_fixunssfsi.o)
                                 0xfe (size before relaxing)
 .debug_str     0x000000bf      0x14d e:/cmp2024/iti embeded sysytem/tools/01- imt sdk-20220809t141023z-001/01- imt sdk/imt_sdk_win_64/winavr/bin/../lib/gcc/avr/4.3.3/avr5\libgcc.a(_addsub_sf.o)
                                0x206 (size before relaxing)
 .debug_str     0x0000020c       0x27 e:/cmp2024/iti embeded sysytem/tools/01- imt sdk-20220809t141023z-001/01- imt sdk/imt_sdk_win_64/winavr/bin/../lib/gcc/avr/4.3.3/avr5\libgcc.a(_mul_sf.o)
                                0x1bf (size before relaxing)
 .debug_str     0x00000233        0x8 e:/cmp2024/iti embeded sysytem/tools/01- imt sdk-20220809t141023z-001/01- imt sdk/imt_sdk_win_64/winavr/bin/../lib/gcc/avr/4.3.3/avr5\libgcc.a(_gt_sf.o)
                                0x195 (size before relaxing)
 .debug_str     0x0000023b        0x8 e:/cmp2024/iti embeded sysytem/tools/01- imt sdk-20220809t141023z-001/01- imt sdk/imt_sdk_win_64/winavr/bin/../lib/gcc/avr/4.3.3/avr5\libgcc.a(_ge_sf.o)
                                0x195 (size before relaxing)
 .debug_str     0x00000243        0x8 e:/cmp2024/iti embeded sysytem/tools/01- imt sdk-20220809t141023z-001/01- imt sdk/imt_sdk_win_64/winavr/bin/../lib/gcc/avr/4.3.3/avr5\libgcc.a(_lt_sf.o)
                                0x195 (size before relaxing)
 .debug_str     0x0000024b        0xa e:/cmp2024/iti embeded sysytem/tools/01- imt sdk-20220809t141023z-001/01- imt sdk/imt_sdk_win_64/winavr/bin/../lib/gcc/avr/4.3.3/avr5\libgcc.a(_sf_to_si.o)
                                0x19e (size before relaxing)
 .debug_str     0x00000000      0x103 e:/cmp2024/iti embeded sysytem/tools/01- imt sdk-20220809t141023z-001/01- imt sdk/imt_sdk_win_64/winavr/bin/../lib/gcc/avr/4.3.3/avr5\libgcc.a(_thenan_sf.o)
 .debug_str     0x00000255       0x21 e:/cmp2024/iti embeded sysytem/tools/01- imt sdk-20220809t141023z-001/01- imt sdk/imt_sdk_win_64/winavr/bin/../lib/gcc/avr/4.3.3/avr5\libgcc.a(_usi_to_sf.o)
                                0x177 (size before relaxing)
 .debug_str     0x00000276       0x20 e:/cmp2024/iti embeded sysytem/tools/01- imt sdk-20220809t141023z-001/01- imt sdk/imt_sdk_win_64/winavr/bin/../lib/gcc/avr/4.3.3/avr5\libgcc.a(_clzsi2.o)
                                0x111 (size before relaxing)
 .debug_str     0x00000296       0x10 e:/cmp2024/iti embeded sysytem/tools/01- imt sdk-20220809t141023z-001/01- imt sdk/imt_sdk_win_64/winavr/bin/../lib/gcc/avr/4.3.3/avr5\libgcc.a(_pack_sf.o)
                                0x19d (size before relaxing)
 .debug_str     0x000002a6        0xb e:/cmp2024/iti embeded sysytem/tools/01- imt sdk-20220809t141023z-001/01- imt sdk/imt_sdk_win_64/winavr/bin/../lib/gcc/avr/4.3.3/avr5\libgcc.a(_unpack_sf.o)
                                0x17f (size before relaxing)
 .debug_str     0x000002b1       0x10 e:/cmp2024/iti embeded sysytem/tools/01- imt sdk-20220809t141023z-001/01- imt sdk/imt_sdk_win_64/winavr/bin/../lib/gcc/avr/4.3.3/avr5\libgcc.a(_fpcmp_parts_sf.o)
                                0x163 (size before relaxing)
 .debug_str     0x00000000       0xf4 e:/cmp2024/iti embeded sysytem/tools/01- imt sdk-20220809t141023z-001/01- imt sdk/imt_sdk_win_64/winavr/bin/../lib/gcc/avr/4.3.3/avr5\libgcc.a(_clz.o)

.debug_loc      0x00000000      0x8ae
 *(.debug_loc)
 .debug_loc     0x00000000       0x34 e:/cmp2024/iti embeded sysytem/tools/01- imt sdk-20220809t141023z-001/01- imt sdk/imt_sdk_win_64/winavr/bin/../lib/gcc/avr/4.3.3/avr5\libgcc.a(_fixunssfsi.o)
 .debug_loc     0x00000034      0x32a e:/cmp2024/iti embeded sysytem/tools/01- imt sdk-20220809t141023z-001/01- imt sdk/imt_sdk_win_64/winavr/bin/../lib/gcc/avr/4.3.3/avr5\libgcc.a(_addsub_sf.o)
 .debug_loc     0x0000035e      0x104 e:/cmp2024/iti embeded sysytem/tools/01- imt sdk-20220809t141023z-001/01- imt sdk/imt_sdk_win_64/winavr/bin/../lib/gcc/avr/4.3.3/avr5\libgcc.a(_mul_sf.o)
 .debug_loc     0x00000462       0x3c e:/cmp2024/iti embeded sysytem/tools/01- imt sdk-20220809t141023z-001/01- imt sdk/imt_sdk_win_64/winavr/bin/../lib/gcc/avr/4.3.3/avr5\libgcc.a(_gt_sf.o)
 .debug_loc     0x0000049e       0x3c e:/cmp2024/iti embeded sysytem/tools/01- imt sdk-20220809t141023z-001/01- imt sdk/imt_sdk_win_64/winavr/bin/../lib/gcc/avr/4.3.3/avr5\libgcc.a(_ge_sf.o)
 .debug_loc     0x000004da       0x3c e:/cmp2024/iti embeded sysytem/tools/01- imt sdk-20220809t141023z-001/01- imt sdk/imt_sdk_win_64/winavr/bin/../lib/gcc/avr/4.3.3/avr5\libgcc.a(_lt_sf.o)
 .debug_loc     0x00000516       0x7e e:/cmp2024/iti embeded sysytem/tools/01- imt sdk-20220809t141023z-001/01- imt sdk/imt_sdk_win_64/winavr/bin/../lib/gcc/avr/4.3.3/avr5\libgcc.a(_sf_to_si.o)
 .debug_loc     0x00000594       0x4c e:/cmp2024/iti embeded sysytem/tools/01- imt sdk-20220809t141023z-001/01- imt sdk/imt_sdk_win_64/winavr/bin/../lib/gcc/avr/4.3.3/avr5\libgcc.a(_usi_to_sf.o)
 .debug_loc     0x000005e0       0x94 e:/cmp2024/iti embeded sysytem/tools/01- imt sdk-20220809t141023z-001/01- imt sdk/imt_sdk_win_64/winavr/bin/../lib/gcc/avr/4.3.3/avr5\libgcc.a(_clzsi2.o)
 .debug_loc     0x00000674      0x13e e:/cmp2024/iti embeded sysytem/tools/01- imt sdk-20220809t141023z-001/01- imt sdk/imt_sdk_win_64/winavr/bin/../lib/gcc/avr/4.3.3/avr5\libgcc.a(_pack_sf.o)
 .debug_loc     0x000007b2       0xac e:/cmp2024/iti embeded sysytem/tools/01- imt sdk-20220809t141023z-001/01- imt sdk/imt_sdk_win_64/winavr/bin/../lib/gcc/avr/4.3.3/avr5\libgcc.a(_unpack_sf.o)
 .debug_loc     0x0000085e       0x50 e:/cmp2024/iti embeded sysytem/tools/01- imt sdk-20220809t141023z-001/01- imt sdk/imt_sdk_win_64/winavr/bin/../lib/gcc/avr/4.3.3/avr5\libgcc.a(_fpcmp_parts_sf.o)

.debug_macinfo
 *(.debug_macinfo)
OUTPUT(Drivers.elf elf32-avr)
LOAD linker stubs

.debug_ranges   0x00000000       0x50
 .debug_ranges  0x00000000       0x50 e:/cmp2024/iti embeded sysytem/tools/01- imt sdk-20220809t141023z-001/01- imt sdk/imt_sdk_win_64/winavr/bin/../lib/gcc/avr/4.3.3/avr5\libgcc.a(_mul_sf.o)
